  downloading ghcnd-inventory.txt ...
  candidate stations (TMAX+TMIN, 2016-2022): 7,859
  downloading gaz_counties.zip ...
  downloading county_pop_2019.json ...
  counties with centroid+population: 3,133
  unique nearest stations needed: 5,080
  downloading 2016.csv.gz ...
  parsing 2016.csv.gz ...
  downloading 2017.csv.gz ...
  parsing 2017.csv.gz ...
  downloading 2018.csv.gz ...
  parsing 2018.csv.gz ...
  downloading 2019.csv.gz ...
  parsing 2019.csv.gz ...
  downloading 2020.csv.gz ...
  parsing 2020.csv.gz ...
  downloading 2021.csv.gz ...
  parsing 2021.csv.gz ...
  downloading 2022.csv.gz ...
  parsing 2022.csv.gz ...
/home/ubuntu/repos/wip/heat_accidents_mortality/scripts/build_temperature.py:169: DeprecationWarning: DataFrameGroupBy.apply operated on the grouping columns. This behavior is deprecated, and in a future version of pandas the grouping columns will be excluded from the operation. Either pass `include_groups=False` to exclude the groupings or explicitly select the grouping columns after groupby to silence this warning.
  .apply(lambda g: pd.Series({
  station-days with tmean: 11,720,172

Saved /home/ubuntu/repos/wip/heat_accidents_mortality/data/processed/state_day_temperature.csv: 127,850 state-days, 50 states, temp range -29.4 to 37.6 degC
